Delivery Buddy API - Test Results
====================================
Command:  npm test   (mocha --timeout 30000)
Framework: Mocha + Chai + Supertest
Database: PostgreSQL (DATABASE_URL)
Date run: 2026-07-13

Result: 21 passing, 0 failing

Auth
  [PASS] signs up a new courier and returns a token
  [PASS] rejects signup with missing fields (400)
  [PASS] rejects signup with short password (400)
  [PASS] rejects duplicate email (409)
  [PASS] logs in with correct credentials (200)
  [PASS] rejects wrong password (401)
  [PASS] requires auth on protected routes (401)
  [PASS] logs out with a valid token (200)

Orders
  [PASS] rejects invalid status transition (400)
  [PASS] advances PENDING -> DELIVERING (200)
  [PASS] creates EARNING and TIP transactions on DELIVERED
  [PASS] returns 404 for unknown order

Shifts
  [PASS] starts a shift (201)
  [PASS] rejects starting a second active shift (409)
  [PASS] returns 404 when stopping with no active shift
  [PASS] stops an active shift (200)
  [PASS] returns null for current shift when none active

Wallet
  [PASS] returns the wallet balance summary (200)
  [PASS] lists transactions (200)
  [PASS] rejects withdrawal exceeding balance (400)
  [PASS] allows a valid withdrawal (200)

21 passing (1m)